TAP version 13
ok 1 - Icecave\Skew\Entities\Messages\Job\JobAcceptMessageTest::testInterfaces
ok 2 - Icecave\Skew\Entities\Messages\Job\JobAcceptMessageTest::testType
ok 3 - Icecave\Skew\Entities\Messages\Job\JobAcceptMessageTest::testSetJob
ok 4 - Icecave\Skew\Entities\Messages\Job\JobAcceptMessageTest::testSetProcessor
ok 5 - Icecave\Skew\Entities\Messages\Job\JobAcceptMessageTest::testAccept
ok 6 - Icecave\Skew\Entities\Messages\Job\JobCompleteMessageTest::testInterfaces
ok 7 - Icecave\Skew\Entities\Messages\Job\JobCompleteMessageTest::testType
ok 8 - Icecave\Skew\Entities\Messages\Job\JobCompleteMessageTest::testSetJob
ok 9 - Icecave\Skew\Entities\Messages\Job\JobCompleteMessageTest::testSetProcessor
ok 10 - Icecave\Skew\Entities\Messages\Job\JobCompleteMessageTest::testAccept
ok 11 - Icecave\Skew\Entities\Messages\Job\JobErrorMessageTest::testInterfaces
ok 12 - Icecave\Skew\Entities\Messages\Job\JobErrorMessageTest::testType
ok 13 - Icecave\Skew\Entities\Messages\Job\JobErrorMessageTest::testSetJob
ok 14 - Icecave\Skew\Entities\Messages\Job\JobErrorMessageTest::testSetProcessor
ok 15 - Icecave\Skew\Entities\Messages\Job\JobErrorMessageTest::testReason
ok 16 - Icecave\Skew\Entities\Messages\Job\JobErrorMessageTest::testSetReschedule
ok 17 - Icecave\Skew\Entities\Messages\Job\JobErrorMessageTest::testAccept
ok 18 - Icecave\Skew\Entities\Messages\Job\JobLogMessageTest::testInterfaces
ok 19 - Icecave\Skew\Entities\Messages\Job\JobLogMessageTest::testType
ok 20 - Icecave\Skew\Entities\Messages\Job\JobLogMessageTest::testSetJob
ok 21 - Icecave\Skew\Entities\Messages\Job\JobLogMessageTest::testSetProcessor
ok 22 - Icecave\Skew\Entities\Messages\Job\JobLogMessageTest::testLevel
ok 23 - Icecave\Skew\Entities\Messages\Job\JobLogMessageTest::testMessage
ok 24 - Icecave\Skew\Entities\Messages\Job\JobLogMessageTest::testAccept
ok 25 - Icecave\Skew\Entities\Messages\Job\JobProgressMessageTest::testInterfaces
ok 26 - Icecave\Skew\Entities\Messages\Job\JobProgressMessageTest::testType
ok 27 - Icecave\Skew\Entities\Messages\Job\JobProgressMessageTest::testSetJob
ok 28 - Icecave\Skew\Entities\Messages\Job\JobProgressMessageTest::testSetProcessor
ok 29 - Icecave\Skew\Entities\Messages\Job\JobProgressMessageTest::testSetProgress
ok 30 - Icecave\Skew\Entities\Messages\Job\JobProgressMessageTest::testSetProgressFailureOverflow
ok 31 - Icecave\Skew\Entities\Messages\Job\JobProgressMessageTest::testSetProgressFailureUnderflow
ok 32 - Icecave\Skew\Entities\Messages\Job\JobProgressMessageTest::testAccept
ok 33 - Icecave\Skew\Entities\Messages\Job\JobRejectMessageTest::testInterfaces
ok 34 - Icecave\Skew\Entities\Messages\Job\JobRejectMessageTest::testType
ok 35 - Icecave\Skew\Entities\Messages\Job\JobRejectMessageTest::testSetJob
ok 36 - Icecave\Skew\Entities\Messages\Job\JobRejectMessageTest::testSetProcessor
ok 37 - Icecave\Skew\Entities\Messages\Job\JobRejectMessageTest::testReason
ok 38 - Icecave\Skew\Entities\Messages\Job\JobRejectMessageTest::testAccept
ok 39 - Icecave\Skew\Entities\Messages\Job\JobRequestMessageTest::testInterfaces
ok 40 - Icecave\Skew\Entities\Messages\Job\JobRequestMessageTest::testType
ok 41 - Icecave\Skew\Entities\Messages\Job\JobRequestMessageTest::testSetJob
ok 42 - Icecave\Skew\Entities\Messages\Job\JobRequestMessageTest::testSetTask
ok 43 - Icecave\Skew\Entities\Messages\Job\JobRequestMessageTest::testSetTags
ok 44 - Icecave\Skew\Entities\Messages\Job\JobRequestMessageTest::testSetPaylaod
ok 45 - Icecave\Skew\Entities\Messages\Job\JobRequestMessageTest::testAccept
ok 46 - Icecave\Skew\Entities\Messages\Processor\ProcessorReadyMessageTest::testInterfaces
ok 47 - Icecave\Skew\Entities\Messages\Processor\ProcessorReadyMessageTest::testType
ok 48 - Icecave\Skew\Entities\Messages\Processor\ProcessorReadyMessageTest::testSetProcessor
ok 49 - Icecave\Skew\Entities\Messages\Processor\ProcessorReadyMessageTest::testAccept
ok 50 - Icecave\Skew\Entities\Messages\Processor\ProcessorShutdownMessageTest::testInterfaces
ok 51 - Icecave\Skew\Entities\Messages\Processor\ProcessorShutdownMessageTest::testType
ok 52 - Icecave\Skew\Entities\Messages\Processor\ProcessorShutdownMessageTest::testSetProcessor
ok 53 - Icecave\Skew\Entities\Messages\Processor\ProcessorShutdownMessageTest::testAccept
ok 54 - Icecave\Skew\Entities\Messages\Processor\ProcessorStartMessageTest::testInterfaces
ok 55 - Icecave\Skew\Entities\Messages\Processor\ProcessorStartMessageTest::testType
ok 56 - Icecave\Skew\Entities\Messages\Processor\ProcessorStartMessageTest::testSetProcessor
ok 57 - Icecave\Skew\Entities\Messages\Processor\ProcessorStartMessageTest::testSetCapabilities
ok 58 - Icecave\Skew\Entities\Messages\Processor\ProcessorStartMessageTest::testAccept
ok 59 - Icecave\Skew\Entities\Messages\Processor\ProcessorStopMessageTest::testInterfaces
ok 60 - Icecave\Skew\Entities\Messages\Processor\ProcessorStopMessageTest::testType
ok 61 - Icecave\Skew\Entities\Messages\Processor\ProcessorStopMessageTest::testSetProcessor
ok 62 - Icecave\Skew\Entities\Messages\Processor\ProcessorStopMessageTest::testAccept
1..62
